C:\Users\akasa\AppData\Local\Programs\Python\Python311\Lib\site-packages\google\api_core\_python_package_support.py:206: FutureWarning: Package google.api_core depends on grpcio, currently installed at version 1.71.0. grpcio < 1.83.0 does not support Post-Quantum Cryptography (PQC). Support for non-PQC environments is deprecated. In April 2027, Google Cloud Python packages will raise their minimum requirements (including google-api-core, grpcio, and grpcio-status) to enforce grpcio >= 1.83.0. For more details on Google Cloud's post-quantum security migration, visit: https://cloud.google.com/security/resources/post-quantum-cryptography
  warnings.warn(
Traceback (most recent call last):
  File "C:\Users\akasa\Projects\wordsolverx\youtube\daily-games\runner.py", line 3213, in <module>
    main()
  File "C:\Users\akasa\Projects\wordsolverx\youtube\daily-games\runner.py", line 3203, in main
    results.append(run_one(gid))
                   ^^^^^^^^^^^^
  File "C:\Users\akasa\Projects\wordsolverx\youtube\daily-games\runner.py", line 3081, in run_one
    ctx.close()
  File "C:\Users\akasa\AppData\Local\Programs\Python\Python311\Lib\site-packages\playwright\sync_api\_generated.py", line 15386, in close
    return mapping.from_maybe_impl(self._sync(self._impl_obj.close(reason=reason)))
                                   ^^^^^^^^^^^^^^^^^^^^^^^^^^^^^^^^^^^^^^^^^^^^^^^
  File "C:\Users\akasa\AppData\Local\Programs\Python\Python311\Lib\site-packages\playwright\_impl\_sync_base.py", line 115, in _sync
    return task.result()
           ^^^^^^^^^^^^^
  File "C:\Users\akasa\AppData\Local\Programs\Python\Python311\Lib\site-packages\playwright\_impl\_browser_context.py", line 587, in close
    await self._channel.send("close", None, {"reason": reason})
  File "C:\Users\akasa\AppData\Local\Programs\Python\Python311\Lib\site-packages\playwright\_impl\_connection.py", line 76, in send
    return await self._connection.wrap_api_call(
           ^^^^^^^^^^^^^^^^^^^^^^^^^^^^^^^^^^^^^
  File "C:\Users\akasa\AppData\Local\Programs\Python\Python311\Lib\site-packages\playwright\_impl\_connection.py", line 632, in wrap_api_call
    raise rewrite_error(error, f"{parsed_st['apiName']}: {error}") from None
playwright._impl._errors.TargetClosedError: : Target page, context or browser has been closed
Browser logs:

<launching> C:\Users\akasa\AppData\Local\ms-playwright\chromium_headless_shell-1234\chrome-headless-shell-win64\chrome-headless-shell.exe --disable-field-trial-config --disable-background-networking --disable-background-timer-throttling --disable-backgrounding-occluded-windows --disable-back-forward-cache --disable-breakpad --disable-client-side-phishing-detection --disable-component-extensions-with-background-pages --disable-component-update --no-default-browser-check --disable-default-apps --disable-dev-shm-usage --disable-edgeupdater --disable-extensions --disable-features=AvoidUnnecessaryBeforeUnloadCheckSync,BoundaryEventDispatchTracksNodeRemoval,DestroyProfileOnBrowserClose,DialMediaRouteProvider,GlobalMediaControls,HttpsUpgrades,LensOverlay,MediaRouter,PaintHolding,ThirdPartyStoragePartitioning,BlockOriginHeaderModificationOnRedirect,Translate,AutoDeElevate,OptimizationHints,msForceBrowserSignIn,msEdgeUpdateLaunchServicesPreferredVersion --enable-features=CDPScreenshotNewSurface --allow-pre-commit-input --disable-hang-monitor --disable-ipc-flooding-protection --disable-popup-blocking --disable-prompt-on-repost --disable-renderer-backgrounding --disable-updater-scheduler --force-color-profile=srgb --metrics-recording-only --no-first-run --password-store=basic --use-mock-keychain --no-service-autorun --export-tagged-pdf --disable-search-engine-choice-screen --unsafely-disable-devtools-self-xss-warnings --edge-skip-compat-layer-relaunch --disable-infobars --disable-search-engine-choice-screen --disable-sync --enable-unsafe-swiftshader --headless --hide-scrollbars --mute-audio --blink-settings=primaryHoverType=2,availableHoverTypes=2,primaryPointerType=4,availablePointerTypes=4 --no-sandbox --user-data-dir=C:\Users\akasa\AppData\Local\Temp\playwright_chromiumdev_profile-LvKdbw --remote-debugging-pipe --no-startup-window
<launched> pid=20036
[pid=20036][err] [1006/171412.895:INFO:CONSOLE:1] "The value "1viewport-fit" for key "initial-scale" was truncated to its numeric prefix.", source: https://www.phoodle.net/ (1)
[pid=20036][err] [1006/171412.895:INFO:CONSOLE:1] "The key "cover" is not recognized and ignored.", source: https://www.phoodle.net/ (1)
[pid=20036][err] [1006/171415.286:INFO:CONSOLE:2] "fun-hooks: referenced 'firstPartyData' but it was never created", source: https://s.nitropay.com/ads-2172.js (2)
[pid=20036][err] [1006/171415.745:ERROR:gpu\command_buffer\service\gl_utils.cc:430] [.WebGL-0x7944001a9600]GL Driver Message (OpenGL, Performance, GL_CLOSE_PATH_NV, High): GPU stall due to ReadPixels
[pid=20036][err] [1006/171416.173:INFO:CONSOLE:0] "[.WebGL-0x7944001a9600]GL Driver Message (OpenGL, Performance, GL_CLOSE_PATH_NV, High): GPU stall due to ReadPixels", source: https://www.phoodle.net/ (0)
[pid=20036][err] [1006/171416.549:INFO:CONSOLE:2] "[PreGameAd] component mounted", source: https://www.phoodle.net/static/js/main.6d79f296.js (2)
[pid=20036][err] [1006/171416.549:INFO:CONSOLE:2] "[PreGameAd] state change: hasAd = false", source: https://www.phoodle.net/static/js/main.6d79f296.js (2)
[pid=20036][err] [1006/171416.549:INFO:CONSOLE:2] "[PreGameAd] state change: checkingForSponsor = true", source: https://www.phoodle.net/static/js/main.6d79f296.js (2)
[pid=20036][err] [1006/171416.549:INFO:CONSOLE:2] "[PreGameAd] state change: canContinue = false", source: https://www.phoodle.net/static/js/main.6d79f296.js (2)
[pid=20036][err] [1006/171416.549:INFO:CONSOLE:2] "[PreGameAd] state change: countdown = 5", source: https://www.phoodle.net/static/js/main.6d79f296.js (2)
[pid=20036][err] [1006/171416.549:INFO:CONSOLE:2] "[PreGameAd] countdown effect - hasAd = false", source: https://www.phoodle.net/static/js/main.6d79f296.js (2)
[pid=20036][err] [1006/171416.549:INFO:CONSOLE:2] "[PreGameAd] countdown effect early return (no ad)", source: https://www.phoodle.net/static/js/main.6d79f296.js (2)
[pid=20036][err] [1006/171416.549:INFO:CONSOLE:2] "[PreGameAd] init effect - attempting to create Nitro ad", source: https://www.phoodle.net/static/js/main.6d79f296.js (2)
[pid=20036][err] [1006/171416.549:INFO:CONSOLE:2] "[PreGameAd] calling nitroAds.createAd("pregame-ad") with options: [object Object]", source: https://www.phoodle.net/static/js/main.6d79f296.js (2)
[pid=20036][err] [1006/171416.549:INFO:CONSOLE:2] "[PreGameAd] subscribing to Nitro events", source: https://www.phoodle.net/static/js/main.6d79f296.js (2)
[pid=20036][err] [1006/171416.549:INFO:CONSOLE:2] "[PreGameAd] setting up no-fill timeout; hasAd = false", source: https://www.phoodle.net/static/js/main.6d79f296.js (2)
[pid=20036][err] [1006/171417.211:INFO:CONSOLE:2] "NitroAds: Loaded.  Version: 20260918 94253fb, Geo: IN WB Timeout: 2200.", source: https://s.nitropay.com/ads-2172.js (2)
[pid=20036][err] [1006/171420.156:INFO:CONSOLE:2] "[PreGameAd] no-fill timeout fired; hasAd = false completed = false", source: https://www.phoodle.net/static/js/main.6d79f296.js (2)
[pid=20036][err] [1006/171420.156:INFO:CONSOLE:2] "[PreGameAd] no ad after 3s -> auto-continue", source: https://www.phoodle.net/static/js/main.6d79f296.js (2)
[pid=20036][err] [1006/171420.156:INFO:CONSOLE:2] "[PreGameAd] state change: checkingForSponsor = false", source: https://www.phoodle.net/static/js/main.6d79f296.js (2)
[pid=20036][err] [1006/171420.164:INFO:CONSOLE:2] "[PreGameAd] component unmounted", source: https://www.phoodle.net/static/js/main.6d79f296.js (2)
[pid=20036][err] [1006/171420.164:INFO:CONSOLE:2] "[PreGameAd] unsubscribing from Nitro events", source: https://www.phoodle.net/static/js/main.6d79f296.js (2)
[pid=20036][err] [1006/171420.164:INFO:CONSOLE:2] "[PreGameAd] clearing no-fill timeout", source: https://www.phoodle.net/static/js/main.6d79f296.js (2)
[pid=20036][err] [1006/171443.643:INFO:CONSOLE:1] "The value "1viewport-fit" for key "initial-scale" was truncated to its numeric prefix.", source: https://www.phoodle.net/ (1)
[pid=20036][err] [1006/171443.643:INFO:CONSOLE:1] "The key "cover" is not recognized and ignored.", source: https://www.phoodle.net/ (1)
[pid=20036][err] [1006/171447.649:INFO:CONSOLE:2] "[PreGameAd] component mounted", source: https://www.phoodle.net/static/js/main.6d79f296.js (2)
[pid=20036][err] [1006/171447.649:INFO:CONSOLE:2] "[PreGameAd] state change: hasAd = false", source: https://www.phoodle.net/static/js/main.6d79f296.js (2)
[pid=20036][err] [1006/171447.649:INFO:CONSOLE:2] "[PreGameAd] state change: checkingForSponsor = true", source: https://www.phoodle.net/static/js/main.6d79f296.js (2)
[pid=20036][err] [1006/171447.649:INFO:CONSOLE:2] "[PreGameAd] state change: canContinue = false", source: https://www.phoodle.net/static/js/main.6d79f296.js (2)
[pid=20036][err] [1006/171447.649:INFO:CONSOLE:2] "[PreGameAd] state change: countdown = 5", source: https://www.phoodle.net/static/js/main.6d79f296.js (2)
[pid=20036][err] [1006/171447.649:INFO:CONSOLE:2] "[PreGameAd] countdown effect - hasAd = false", source: https://www.phoodle.net/static/js/main.6d79f296.js (2)
[pid=20036][err] [1006/171447.649:INFO:CONSOLE:2] "[PreGameAd] countdown effect early return (no ad)", source: https://www.phoodle.net/static/js/main.6d79f296.js (2)
[pid=20036][err] [1006/171447.649:INFO:CONSOLE:2] "[PreGameAd] init effect - attempting to create Nitro ad", source: https://www.phoodle.net/static/js/main.6d79f296.js (2)
[pid=20036][err] [1006/171447.649:INFO:CONSOLE:2] "[PreGameAd] calling nitroAds.createAd("pregame-ad") with options: [object Object]", source: https://www.phoodle.net/static/js/main.6d79f296.js (2)
[pid=20036][err] [1006/171447.649:INFO:CONSOLE:2] "[PreGameAd] subscribing to Nitro events", source: https://www.phoodle.net/static/js/main.6d79f296.js (2)
[pid=20036][err] [1006/171447.649:INFO:CONSOLE:2] "[PreGameAd] setting up no-fill timeout; hasAd = false", source: https://www.phoodle.net/static/js/main.6d79f296.js (2)
[pid=20036][err] [1006/171448.311:INFO:CONSOLE:2] "fun-hooks: referenced 'firstPartyData' but it was never created", source: https://s.nitropay.com/ads-2172.js (2)
[pid=20036][err] [1006/171450.844:INFO:CONSOLE:2] "NitroAds: Loaded.  Version: 20260918 94253fb, Geo: IN WB Timeout: 2200.", source: https://s.nitropay.com/ads-2172.js (2)
[pid=20036][err] [1006/171450.886:INFO:CONSOLE:2] "[PreGameAd] no-fill timeout fired; hasAd = false completed = false", source: https://www.phoodle.net/static/js/main.6d79f296.js (2)
[pid=20036][err] [1006/171450.886:INFO:CONSOLE:2] "[PreGameAd] no ad after 3s -> auto-continue", source: https://www.phoodle.net/static/js/main.6d79f296.js (2)
[pid=20036][err] [1006/171450.886:INFO:CONSOLE:2] "[PreGameAd] state change: checkingForSponsor = false", source: https://www.phoodle.net/static/js/main.6d79f296.js (2)
[pid=20036][err] [1006/171451.619:INFO:CONSOLE:2] "[PreGameAd] component unmounted", source: https://www.phoodle.net/static/js/main.6d79f296.js (2)
[pid=20036][err] [1006/171451.619:INFO:CONSOLE:2] "[PreGameAd] unsubscribing from Nitro events", source: https://www.phoodle.net/static/js/main.6d79f296.js (2)
[pid=20036][err] [1006/171451.619:INFO:CONSOLE:2] "[PreGameAd] clearing no-fill timeout", source: https://www.phoodle.net/static/js/main.6d79f296.js (2)
